# Task Board Logs

## System Information

- **Obsidian version**: 1.13.7
- **Installer version**: 1.13.7
- **Operating system**: Darwin Kernel Version 24.6.0: Fri Feb 27 19:34:43 PST 2026; root:xnu-11417.140.69.709.8~1/RELEASE_ARM64_T8103 24.6.0
- **Use [[Wikilinks]]**: true
- **Base color scheme**: dark
- **Community theme**: none
- **Snippets enabled**: 1
- **Plugins installed**: 13
- **Plugins enabled**: 
  - Git v2.39.0
  - Tasks v8.4.0
  - Highlightr v1.2.2
  - Image Toolkit v1.4.3
  - Contextual Typography v2.2.5
  - Image Layouts v0.18.0
  - Day Planner v0.35.1
  - Omnisearch v1.30.1
  - Periodic Notes v0.0.17
  - Task List Kanban v2.13.0
  - Task Board v1.10.11

## Recent Bug Reports

Timestamp : 2026-08-30T22:42:39
ID : 145
Message : 
Context : RealTimeScanner.ts/initializeTasksCache
Version : 1.10.11

#### Bug Content
```log
No need to worry if this is appearing on the fresh install.
Error: ENOENT: no such file or directory, open '/Users/s20131085/Documents/UoB/.obsidian/plugins/task-board/tasks.json'
```

-------------

Timestamp : 2026-08-30T22:42:43
ID : 131
Message : 
Context : TaskBoardViewContent.tsx/loading boards and tasks useEffect
Version : 1.10.11

#### Bug Content
```log
No need to worry about this bug, if its appearing on the fresh install.
Error: ENOENT: no such file or directory, open '/Users/s20131085/Documents/UoB/.obsidian/plugins/task-board/tasks.json'
```
